// Jest Snapshot v1, https://goo.gl/fbAQLP

exports[`returns an object containing x, y, width, and height properties 1`] = `
Object {
  "height": 0,
  "width": 0,
  "x": 0,
  "y": 0,
}
`;

exports[`works with margins 1`] = `
Object {
  "height": 20,
  "width": 20,
  "x": -10,
  "y": -10,
}
`;
